// Jest Snapshot v1, https://goo.gl/fbAQLP

exports[`<TodoItem /> Snapshot Test matches current production snapshot 1`] = `
<TodoItem__ListItem
  id={5}
>
  <TodoItem__ListItemText
    data-test="todo-text"
    done={false}
  >
    Hello World
  </TodoItem__ListItemText>
  <Button
    data-test="todo-delete"
  >
    delete
  </Button>
</TodoItem__ListItem>
`;
