// Jest Snapshot v1, https://goo.gl/fbAQLP

exports[`Test Todo Actions Snapshot Test match current production snapshot 1`] = `
Array [
  Object {
    "payload": "Hello World",
    "type": "ADD_TODO",
  },
  Object {
    "payload": 1,
    "type": "TOGGLE_TODO",
  },
  Object {
    "payload": 2,
    "type": "REMOVE_TODO",
  },
]
`;
